[backblue.gif]
[fade.gif]
[index.html]
[hush-staging.awcoagency.com/assets/opengraph-text.jpg]
[whatsmystylepersonality.com/humans.txt]
[hush-staging.awcoagency.com/assets/favicon.gif]
[use.typekit.net/mto6npd.js]
[ajax.googleapis.com/ajax/libs/jquery/3.1.0/jquery.min.js]
[whatsmystylepersonality.com/js/slick.min.js]
[whatsmystylepersonality.com/js/logic.js]
[whatsmystylepersonality.com/js/global.js]
[whatsmystylepersonality.com/js/wow.min.js]
[hush-staging.awcoagency.com/assets/Minimalist-Hero-Image-Left.jpg]
[hush-staging.awcoagency.com/assets/Urban-Hero-Image-Left-1.jpg]
[hush-staging.awcoagency.com/assets/mf.jpg]
[hush-staging.awcoagency.com/assets/Colour-Riot-Hero-Image-Left.jpg]
[hush-staging.awcoagency.com/assets/Minimalist-Hero-Image-Right.jpg]
[hush-staging.awcoagency.com/assets/Urban-Hero-Image-Right.jpg]
[hush-staging.awcoagency.com/assets/mf2.jpg]
[hush-staging.awcoagency.com/assets/Colour-Riot-Hero-Image-Right.jpg]
[www.google-analytics.com/analytics.js]
[whatsmystylepersonality.com/index.html]
[whatsmystylepersonality.com/css/normalize.css]
[whatsmystylepersonality.com/css/grid.css]
[whatsmystylepersonality.com/css/fonts.css]
[whatsmystylepersonality.com/css/animations.css]
[whatsmystylepersonality.com/css/global.css]
[whatsmystylepersonality.com/css/slick.css]
[whatsmystylepersonality.com/css/animate.css]
[whatsmystylepersonality.com/img/arrow.svg]
[whatsmystylepersonality.com/img/instagram.svg]
[whatsmystylepersonality.com/img/facebook.svg]
[whatsmystylepersonality.com/img/twitter.svg]
[whatsmystylepersonality.com/img/pinterest.svg]
[whatsmystylepersonality.com/img/googleplus.svg]
[whatsmystylepersonality.com/img/close.svg]
[whatsmystylepersonality.com/img/email.svg]
